Archive member included to satisfy reference by file (symbol)

c:/st/stm32cubeide_1.7.0/stm32cubeide/plugins/com.st.stm32cube.ide.mcu.externaltools.gnu-tools-for-stm32.9-2020-q2-update.win32_2.0.0.202105311346/tools/bin/../lib/gcc/arm-none-eabi/9.3.1/../../../../arm-none-eabi/lib/thumb/v6-m/nofp\libc_nano.a(lib_a-errno.o)
                              ./Src/syscalls.o (__errno)
c:/st/stm32cubeide_1.7.0/stm32cubeide/plugins/com.st.stm32cube.ide.mcu.externaltools.gnu-tools-for-stm32.9-2020-q2-update.win32_2.0.0.202105311346/tools/bin/../lib/gcc/arm-none-eabi/9.3.1/../../../../arm-none-eabi/lib/thumb/v6-m/nofp\libc_nano.a(lib_a-exit.o)
                              c:/st/stm32cubeide_1.7.0/stm32cubeide/plugins/com.st.stm32cube.ide.mcu.externaltools.gnu-tools-for-stm32.9-2020-q2-update.win32_2.0.0.202105311346/tools/bin/../lib/gcc/arm-none-eabi/9.3.1/../../../../arm-none-eabi/lib/thumb/v6-m/nofp/crt0.o (exit)
c:/st/stm32cubeide_1.7.0/stm32cubeide/plugins/com.st.stm32cube.ide.mcu.externaltools.gnu-tools-for-stm32.9-2020-q2-update.win32_2.0.0.202105311346/tools/bin/../lib/gcc/arm-none-eabi/9.3.1/../../../../arm-none-eabi/lib/thumb/v6-m/nofp\libc_nano.a(lib_a-impure.o)
                              c:/st/stm32cubeide_1.7.0/stm32cubeide/plugins/com.st.stm32cube.ide.mcu.externaltools.gnu-tools-for-stm32.9-2020-q2-update.win32_2.0.0.202105311346/tools/bin/../lib/gcc/arm-none-eabi/9.3.1/../../../../arm-none-eabi/lib/thumb/v6-m/nofp\libc_nano.a(lib_a-exit.o) (_global_impure_ptr)
c:/st/stm32cubeide_1.7.0/stm32cubeide/plugins/com.st.stm32cube.ide.mcu.externaltools.gnu-tools-for-stm32.9-2020-q2-update.win32_2.0.0.202105311346/tools/bin/../lib/gcc/arm-none-eabi/9.3.1/../../../../arm-none-eabi/lib/thumb/v6-m/nofp\libc_nano.a(lib_a-init.o)
                              c:/st/stm32cubeide_1.7.0/stm32cubeide/plugins/com.st.stm32cube.ide.mcu.externaltools.gnu-tools-for-stm32.9-2020-q2-update.win32_2.0.0.202105311346/tools/bin/../lib/gcc/arm-none-eabi/9.3.1/../../../../arm-none-eabi/lib/thumb/v6-m/nofp/crt0.o (__libc_init_array)
c:/st/stm32cubeide_1.7.0/stm32cubeide/plugins/com.st.stm32cube.ide.mcu.externaltools.gnu-tools-for-stm32.9-2020-q2-update.win32_2.0.0.202105311346/tools/bin/../lib/gcc/arm-none-eabi/9.3.1/../../../../arm-none-eabi/lib/thumb/v6-m/nofp\libc_nano.a(lib_a-memset.o)
                              c:/st/stm32cubeide_1.7.0/stm32cubeide/plugins/com.st.stm32cube.ide.mcu.externaltools.gnu-tools-for-stm32.9-2020-q2-update.win32_2.0.0.202105311346/tools/bin/../lib/gcc/arm-none-eabi/9.3.1/../../../../arm-none-eabi/lib/thumb/v6-m/nofp/crt0.o (memset)
c:/st/stm32cubeide_1.7.0/stm32cubeide/plugins/com.st.stm32cube.ide.mcu.externaltools.gnu-tools-for-stm32.9-2020-q2-update.win32_2.0.0.202105311346/tools/bin/../lib/gcc/arm-none-eabi/9.3.1/thumb/v6-m/nofp\libgcc.a(_udivsi3.o)
                              ./Src/VL53L0X.o (__aeabi_uidiv)
c:/st/stm32cubeide_1.7.0/stm32cubeide/plugins/com.st.stm32cube.ide.mcu.externaltools.gnu-tools-for-stm32.9-2020-q2-update.win32_2.0.0.202105311346/tools/bin/../lib/gcc/arm-none-eabi/9.3.1/thumb/v6-m/nofp\libgcc.a(_dvmd_tls.o)
                              c:/st/stm32cubeide_1.7.0/stm32cubeide/plugins/com.st.stm32cube.ide.mcu.externaltools.gnu-tools-for-stm32.9-2020-q2-update.win32_2.0.0.202105311346/tools/bin/../lib/gcc/arm-none-eabi/9.3.1/thumb/v6-m/nofp\libgcc.a(_udivsi3.o) (__aeabi_idiv0)
c:/st/stm32cubeide_1.7.0/stm32cubeide/plugins/com.st.stm32cube.ide.mcu.externaltools.gnu-tools-for-stm32.9-2020-q2-update.win32_2.0.0.202105311346/tools/bin/../lib/gcc/arm-none-eabi/9.3.1/thumb/v6-m/nofp\libgcc.a(_arm_cmpdf2.o)
                              ./Src/VL53L0X.o (__aeabi_dcmpgt)
c:/st/stm32cubeide_1.7.0/stm32cubeide/plugins/com.st.stm32cube.ide.mcu.externaltools.gnu-tools-for-stm32.9-2020-q2-update.win32_2.0.0.202105311346/tools/bin/../lib/gcc/arm-none-eabi/9.3.1/thumb/v6-m/nofp\libgcc.a(_arm_cmpsf2.o)
                              ./Src/VL53L0X.o (__aeabi_fcmplt)
c:/st/stm32cubeide_1.7.0/stm32cubeide/plugins/com.st.stm32cube.ide.mcu.externaltools.gnu-tools-for-stm32.9-2020-q2-update.win32_2.0.0.202105311346/tools/bin/../lib/gcc/arm-none-eabi/9.3.1/thumb/v6-m/nofp\libgcc.a(_fixunssfsi.o)
                              ./Src/VL53L0X.o (__aeabi_f2uiz)
c:/st/stm32cubeide_1.7.0/stm32cubeide/plugins/com.st.stm32cube.ide.mcu.externaltools.gnu-tools-for-stm32.9-2020-q2-update.win32_2.0.0.202105311346/tools/bin/../lib/gcc/arm-none-eabi/9.3.1/thumb/v6-m/nofp\libgcc.a(divsf3.o)
                              ./Src/VL53L0X.o (__aeabi_fdiv)
c:/st/stm32cubeide_1.7.0/stm32cubeide/plugins/com.st.stm32cube.ide.mcu.externaltools.gnu-tools-for-stm32.9-2020-q2-update.win32_2.0.0.202105311346/tools/bin/../lib/gcc/arm-none-eabi/9.3.1/thumb/v6-m/nofp\libgcc.a(eqsf2.o)
[...]
Memory Configuration

Name             Origin             Length             Attributes
RAM              0x0000000020000000 0x0000000000001000 xrw
FLASH            0x0000000008000000 0x0000000000008000 xr
*default*        0x0000000000000000 0xffffffffffffffff

Linker script and memory map

LOAD c:/st/stm32cubeide_1.7.0/stm32cubeide/plugins/com.st.stm32cube.ide.mcu.externaltools.gnu-tools-for-stm32.9-2020-q2-update.win32_2.0.0.202105311346/tools/bin/../lib/gcc/arm-none-eabi/9.3.1/thumb/v6-m/nofp/crti.o
LOAD c:/st/stm32cubeide_1.7.0/stm32cubeide/plugins/com.st.stm32cube.ide.mcu.externaltools.gnu-tools-for-stm32.9-2020-q2-update.win32_2.0.0.202105311346/tools/bin/../lib/gcc/arm-none-eabi/9.3.1/thumb/v6-m/nofp/crtbegin.o
LOAD c:/st/stm32cubeide_1.7.0/stm32cubeide/plugins/com.st.stm32cube.ide.mcu.externaltools.gnu-tools-for-stm32.9-2020-q2-update.win32_2.0.0.202105311346/tools/bin/../lib/gcc/arm-none-eabi/9.3.1/../../../../arm-none-eabi/lib/thumb/v6-m/nofp/crt0.o
LOAD ./Src/I2c.o
LOAD ./Src/VL53L0X.o
LOAD ./Src/delay.o
LOAD ./Src/main.o
LOAD ./Src/syscalls.o
LOAD ./Src/sysmem.o
LOAD ./Startup/startup_stm32f031k6tx.o
START GROUP
LOAD c:/st/stm32cubeide_1.7.0/stm32cubeide/plugins/com.st.stm32cube.ide.mcu.externaltools.gnu-tools-for-stm32.9-2020-q2-update.win32_2.0.0.202105311346/tools/bin/../lib/gcc/arm-none-eabi/9.3.1/../../../../arm-none-eabi/lib/thumb/v6-m/nofp\libc_nano.a
LOAD c:/st/stm32cubeide_1.7.0/stm32cubeide/plugins/com.st.stm32cube.ide.mcu.externaltools.gnu-tools-for-stm32.9-2020-q2-update.win32_2.0.0.202105311346/tools/bin/../lib/gcc/arm-none-eabi/9.3.1/../../../../arm-none-eabi/lib/thumb/v6-m/nofp\libm.a
END GROUP
START GROUP
LOAD c:/st/stm32cubeide_1.7.0/stm32cubeide/plugins/com.st.stm32cube.ide.mcu.externaltools.gnu-tools-for-stm32.9-2020-q2-update.win32_2.0.0.202105311346/tools/bin/../lib/gcc/arm-none-eabi/9.3.1/thumb/v6-m/nofp\libgcc.a
LOAD c:/st/stm32cubeide_1.7.0/stm32cubeide/plugins/com.st.stm32cube.ide.mcu.externaltools.gnu-tools-for-stm32.9-2020-q2-update.win32_2.0.0.202105311346/tools/bin/../lib/gcc/arm-none-eabi/9.3.1/../../../../arm-none-eabi/lib/thumb/v6-m/nofp\libc_nano.a
END GROUP
START GROUP
LOAD c:/st/stm32cubeide_1.7.0/stm32cubeide/plugins/com.st.stm32cube.ide.mcu.externaltools.gnu-tools-for-stm32.9-2020-q2-update.win32_2.0.0.202105311346/tools/bin/../lib/gcc/arm-none-eabi/9.3.1/thumb/v6-m/nofp\libgcc.a
LOAD c:/st/stm32cubeide_1.7.0/stm32cubeide/plugins/com.st.stm32cube.ide.mcu.externaltools.gnu-tools-for-stm32.9-2020-q2-update.win32_2.0.0.202105311346/tools/bin/../lib/gcc/arm-none-eabi/9.3.1/../../../../arm-none-eabi/lib/thumb/v6-m/nofp\libc_nano.a
LOAD c:/st/stm32cubeide_1.7.0/stm32cubeide/plugins/com.st.stm32cube.ide.mcu.externaltools.gnu-tools-for-stm32.9-2020-q2-update.win32_2.0.0.202105311346/tools/bin/../lib/gcc/arm-none-eabi/9.3.1/../../../../arm-none-eabi/lib/thumb/v6-m/nofp\libnosys.a
END GROUP
START GROUP
LOAD c:/st/stm32cubeide_1.7.0/stm32cubeide/plugins/com.st.stm32cube.ide.mcu.externaltools.gnu-tools-for-stm32.9-2020-q2-update.win32_2.0.0.202105311346/tools/bin/../lib/gcc/arm-none-eabi/9.3.1/thumb/v6-m/nofp\libgcc.a
LOAD c:/st/stm32cubeide_1.7.0/stm32cubeide/plugins/com.st.stm32cube.ide.mcu.externaltools.gnu-tools-for-stm32.9-2020-q2-update.win32_2.0.0.202105311346/tools/bin/../lib/gcc/arm-none-eabi/9.3.1/../../../../arm-none-eabi/lib/thumb/v6-m/nofp\libc_nano.a
LOAD c:/st/stm32cubeide_1.7.0/stm32cubeide/plugins/com.st.stm32cube.ide.mcu.externaltools.gnu-tools-for-stm32.9-2020-q2-update.win32_2.0.0.202105311346/tools/bin/../lib/gcc/arm-none-eabi/9.3.1/../../../../arm-none-eabi/lib/thumb/v6-m/nofp\libnosys.a
END GROUP
LOAD c:/st/stm32cubeide_1.7.0/stm32cubeide/plugins/com.st.stm32cube.ide.mcu.externaltools.gnu-tools-for-stm32.9-2020-q2-update.win32_2.0.0.202105311346/tools/bin/../lib/gcc/arm-none-eabi/9.3.1/thumb/v6-m/nofp/crtend.o
LOAD c:/st/stm32cubeide_1.7.0/stm32cubeide/plugins/com.st.stm32cube.ide.mcu.externaltools.gnu-tools-for-stm32.9-2020-q2-update.win32_2.0.0.202105311346/tools/bin/../lib/gcc/arm-none-eabi/9.3.1/thumb/v6-m/nofp/crtn.o
                0x0000000020001000                _estack = (ORIGIN (RAM) + LENGTH (RAM))
                0x0000000000000200                _Min_Heap_Size = 0x200
                0x0000000000000400                _Min_Stack_Size = 0x400

.isr_vector     0x0000000008000000       0xc0
                0x0000000008000000                . = ALIGN (0x4)
 *(.isr_vector)
 .isr_vector    0x0000000008000000       0xc0 ./Startup/startup_stm32f031k6tx.o
                0x0000000008000000                g_pfnVectors
                0x00000000080000c0                . = ALIGN (0x4)

.text           0x00000000080000c0     0x253c
                0x00000000080000c0                . = ALIGN (0x4)
 *(.text)
 .text          0x00000000080000c0       0x48 c:/st/stm32cubeide_1.7.0/stm32cubeide/plugins/com.st.stm32cube.ide.mcu.externaltools.gnu-tools-for-stm32.9-2020-q2-update.win32_2.0.0.202105311346/tools/bin/../lib/gcc/arm-none-eabi/9.3.1/thumb/v6-m/nofp/crtbegin.o
 .text          0x0000000008000108      0x114 c:/st/stm32cubeide_1.7.0/stm32cubeide/plugins/com.st.stm32cube.ide.mcu.externaltools.gnu-tools-for-stm32.9-2020-q2-update.win32_2.0.0.202105311346/tools/bin/../lib/gcc/arm-none-eabi/9.3.1/thumb/v6-m/nofp\libgcc.a(_udivsi3.o)
                0x0000000008000108                __aeabi_uidiv
                0x0000000008000108                __udivsi3
                0x0000000008000214                __aeabi_uidivmod
 .text          0x000000000800021c        0x4 c:/st/stm32cubeide_1.7.0/stm32cubeide/plugins/com.st.stm32cube.ide.mcu.externaltools.gnu-tools-for-stm32.9-2020-q2-update.win32_2.0.0.202105311346/tools/bin/../lib/gcc/arm-none-eabi/9.3.1/thumb/v6-m/nofp\libgcc.a(_dvmd_tls.o)
                0x000000000800021c                __aeabi_idiv0
                0x000000000800021c                __aeabi_ldiv0
 .text          0x0000000008000220       0x7c c:/st/stm32cubeide_1.7.0/stm32cubeide/plugins/com.st.stm32cube.ide.mcu.externaltools.gnu-tools-for-stm32.9-2020-q2-update.win32_2.0.0.202105311346/tools/bin/../lib/gcc/arm-none-eabi/9.3.1/thumb/v6-m/nofp\libgcc.a(_arm_cmpdf2.o)
                0x0000000008000220                __aeabi_cdrcmple
                0x0000000008000230                __aeabi_cdcmple
                0x0000000008000230                __aeabi_cdcmpeq
                0x0000000008000240                __aeabi_dcmpeq
                0x000000000800024c                __aeabi_dcmplt
                0x0000000008000260                __aeabi_dcmple
                0x0000000008000274                __aeabi_dcmpgt
                0x0000000008000288                __aeabi_dcmpge
 .text          0x000000000800029c       0x74 c:/st/stm32cubeide_1.7.0/stm32cubeide/plugins/com.st.stm32cube.ide.mcu.externaltools.gnu-tools-for-stm32.9-2020-q2-update.win32_2.0.0.202105311346/tools/bin/../lib/gcc/arm-none-eabi/9.3.1/thumb/v6-m/nofp\libgcc.a(_arm_cmpsf2.o)
                0x000000000800029c                __aeabi_cfrcmple
                0x00000000080002a4                __aeabi_cfcmpeq
                0x00000000080002a4                __aeabi_cfcmple
                0x00000000080002b4                __aeabi_fcmpeq
                0x00000000080002c0                __aeabi_fcmplt
                0x00000000080002d4                __aeabi_fcmple
                0x00000000080002e8                __aeabi_fcmpgt
                0x00000000080002fc                __aeabi_fcmpge
 .text          0x0000000008000310       0x30 c:/st/stm32cubeide_1.7.0/stm32cubeide/plugins/com.st.stm32cube.ide.mcu.externaltools.gnu-tools-for-stm32.9-2020-q2-update.win32_2.0.0.202105311346/tools/bin/../lib/gcc/arm-none-eabi/9.3.1/thumb/v6-m/nofp\libgcc.a(_fixunssfsi.o)
                0x0000000008000310                __fixunssfsi
                0x0000000008000310                __aeabi_f2uiz
 .text          0x0000000008000340       0x50 c:/st/stm32cubeide_1.7.0/stm32cubeide/plugins/com.st.stm32cube.ide.mcu.externaltools.gnu-tools-for-stm32.9-2020-q2-update.win32_2.0.0.202105311346/tools/bin/../lib/gcc/arm-none-eabi/9.3.1/thumb/v6-m/nofp\libgcc.a(eqsf2.o)
                0x0000000008000340                __eqsf2
                0x0000000008000340                __nesf2
 .text          0x0000000008000390       0x98 c:/st/stm32cubeide_1.7.0/stm32cubeide/plugins/com.st.stm32cube.ide.mcu.externaltools.gnu-tools-for-stm32.9-2020-q2-update.win32_2.0.0.202105311346/tools/bin/../lib/gcc/arm-none-eabi/9.3.1/thumb/v6-m/nofp\libgcc.a(gesf2.o)
                0x0000000008000390                __gesf2
                0x0000000008000390                __gtsf2
 .text          0x0000000008000428       0x94 c:/st/stm32cubeide_1.7.0/stm32cubeide/plugins/com.st.stm32cube.ide.mcu.externaltools.gnu-tools-for-stm32.9-2020-q2-update.win32_2.0.0.202105311346/tools/bin/../lib/gcc/arm-none-eabi/9.3.1/thumb/v6-m/nofp\libgcc.a(lesf2.o)
                0x0000000008000428                __ltsf2
                0x0000000008000428                __lesf2
 .text          0x00000000080004bc      0x234 c:/st/stm32cubeide_1.7.0/stm32cubeide/plugins/com.st.stm32cube.ide.mcu.externaltools.gnu-tools-for-stm32.9-2020-q2-update.win32_2.0.0.202105311346/tools/bin/../lib/gcc/arm-none-eabi/9.3.1/thumb/v6-m/nofp\libgcc.a(mulsf3.o)
                0x00000000080004bc                __aeabi_fmul
 .text          0x00000000080006f0      0x390 c:/st/stm32cubeide_1.7.0/stm32cubeide/plugins/com.st.stm32cube.ide.mcu.externaltools.gnu-tools-for-stm32.9-2020-q2-update.win32_2.0.0.202105311346/tools/bin/../lib/gcc/arm-none-eabi/9.3.1/thumb/v6-m/nofp\libgcc.a(subsf3.o)
                0x00000000080006f0                __aeabi_fsub
 .text          0x0000000008000a80       0x40 c:/st/stm32cubeide_1.7.0/stm32cubeide/plugins/com.st.stm32cube.ide.mcu.externaltools.gnu-tools-for-stm32.9-2020-q2-update.win32_2.0.0.202105311346/tools/bin/../lib/gcc/arm-none-eabi/9.3.1/thumb/v6-m/nofp\libgcc.a(fixsfsi.o)
                0x0000000008000a80                __aeabi_f2iz
 .text          0x0000000008000ac0       0x78 c:/st/stm32cubeide_1.7.0/stm32cubeide/plugins/com.st.stm32cube.ide.mcu.externaltools.gnu-tools-for-stm32.9-2020-q2-update.win32_2.0.0.202105311346/tools/bin/../lib/gcc/arm-none-eabi/9.3.1/thumb/v6-m/nofp\libgcc.a(eqdf2.o)
                0x0000000008000ac0                __nedf2
                0x0000000008000ac0                __eqdf2
 .text          0x0000000008000b38       0xe4 c:/st/stm32cubeide_1.7.0/stm32cubeide/plugins/com.st.stm32cube.ide.mcu.externaltools.gnu-tools-for-stm32.9-2020-q2-update.win32_2.0.0.202105311346/tools/bin/../lib/gcc/arm-none-eabi/9.3.1/thumb/v6-m/nofp\libgcc.a(gedf2.o)
                0x0000000008000b38                __gedf2
                0x0000000008000b38                __gtdf2
 .text          0x0000000008000c1c       0xe0 c:/st/stm32cubeide_1.7.0/stm32cubeide/plugins/com.st.stm32cube.ide.mcu.externaltools.gnu-tools-for-stm32.9-2020-q2-update.win32_2.0.0.202105311346/tools/bin/../lib/gcc/arm-none-eabi/9.3.1/thumb/v6-m/nofp\libgcc.a(ledf2.o)
                0x0000000008000c1c                __ledf2
                0x0000000008000c1c                __ltdf2
 .text          0x0000000008000cfc       0x90 c:/st/stm32cubeide_1.7.0/stm32cubeide/plugins/com.st.stm32cube.ide.mcu.externaltools.gnu-tools-for-stm32.9-2020-q2-update.win32_2.0.0.202105311346/tools/bin/../lib/gcc/arm-none-eabi/9.3.1/thumb/v6-m/nofp\libgcc.a(extendsfdf2.o)
                0x0000000008000cfc                __aeabi_f2d
 .text          0x0000000008000d8c       0x3c c:/st/stm32cubeide_1.7.0/stm32cubeide/plugins/com.st.stm32cube.ide.mcu.externaltools.gnu-tools-for-stm32.9-2020-q2-update.win32_2.0.0.202105311346/tools/bin/../lib/gcc/arm-none-eabi/9.3.1/thumb/v6-m/nofp\libgcc.a(_clzsi2.o)
                0x0000000008000d8c                __clzsi2
 *(.text*)
 .text.I2c_vInit
                0x0000000008000dc8       0x90 ./Src/I2c.o
                0x0000000008000dc8                I2c_vInit
 .text.I2c_vStart
                0x0000000008000e58       0x2c ./Src/I2c.o
                0x0000000008000e58                I2c_vStart
 .text.I2c_vStop
                0x0000000008000e84       0x44 ./Src/I2c.o
                0x0000000008000e84                I2c_vStop
 .text.I2c_vRead
                0x0000000008000ec8       0xa8 ./Src/I2c.o
                0x0000000008000ec8                I2c_vRead
 .text.I2c_vWrite
                0x0000000008000f70       0xb8 ./Src/I2c.o
                0x0000000008000f70                I2c_vWrite
 .text.VL53L0X_init
                0x0000000008001028      0x6e2 ./Src/VL53L0X.o
                0x0000000008001028                VL53L0X_init
 .text.VL53L0X_writeReg
                0x000000000800170a       0x48 ./Src/VL53L0X.o
                0x000000000800170a                VL53L0X_writeReg
 .text.VL53L0X_writeReg16Bit
                0x0000000008001752       0x58 ./Src/VL53L0X.o
                0x0000000008001752                VL53L0X_writeReg16Bit
 .text.VL53L0X_readReg
                0x00000000080017aa       0x40 ./Src/VL53L0X.o
                0x00000000080017aa                VL53L0X_readReg
 .text.VL53L0X_readReg16Bit
                0x00000000080017ea       0x60 ./Src/VL53L0X.o
                0x00000000080017ea                VL53L0X_readReg16Bit
 .text.VL53L0X_writeMulti
                0x000000000800184a       0x3e ./Src/VL53L0X.o
                0x000000000800184a                VL53L0X_writeMulti
 .text.VL53L0X_readMulti
                0x0000000008001888       0x4c ./Src/VL53L0X.o
                0x0000000008001888                VL53L0X_readMulti
 .text.VL53L0X_setSignalRateLimit
                0x00000000080018d4       0x60 ./Src/VL53L0X.o
                0x00000000080018d4                VL53L0X_setSignalRateLimit
 .text.VL53L0X_setMeasurementTimingBudget
                0x0000000008001934      0x194 ./Src/VL53L0X.o
                0x0000000008001934                VL53L0X_setMeasurementTimingBudget
 .text.VL53L0X_getMeasurementTimingBudget
                0x0000000008001ac8      0x124 ./Src/VL53L0X.o
                0x0000000008001ac8                VL53L0X_getMeasurementTimingBudget
 .text.VL53L0X_getVcselPulsePeriod
                0x0000000008001bec       0x54 ./Src/VL53L0X.o
                0x0000000008001bec                VL53L0X_getVcselPulsePeriod
 .text.VL53L0X_readRangeContinuousMillimeters
                0x0000000008001c40       0x6c ./Src/VL53L0X.o
                0x0000000008001c40                VL53L0X_readRangeContinuousMillimeters
 .text.VL53L0X_readRangeSingleMillimeters
                0x0000000008001cac       0xb4 ./Src/VL53L0X.o
                0x0000000008001cac                VL53L0X_readRangeSingleMillimeters
 .text.VL53L0X_getSpadInfo
                0x0000000008001d60      0x176 ./Src/VL53L0X.o
                0x0000000008001d60                VL53L0X_getSpadInfo
 .text.VL53L0X_getSequenceStepEnables
                0x0000000008001ed6       0x9e ./Src/VL53L0X.o
                0x0000000008001ed6                VL53L0X_getSequenceStepEnables
 .text.VL53L0X_getSequenceStepTimeouts
                0x0000000008001f74       0xe2 ./Src/VL53L0X.o
                0x0000000008001f74                VL53L0X_getSequenceStepTimeouts
 .text.VL53L0X_decodeTimeout
                0x0000000008002056       0x2c ./Src/VL53L0X.o
                0x0000000008002056                VL53L0X_decodeTimeout
 .text.VL53L0X_encodeTimeout
                0x0000000008002082       0x68 ./Src/VL53L0X.o
                0x0000000008002082                VL53L0X_encodeTimeout
 .text.VL53L0X_timeoutMclksToMicroseconds
                0x00000000080020ea       0x5e ./Src/VL53L0X.o
                0x00000000080020ea                VL53L0X_timeoutMclksToMicroseconds
 .text.VL53L0X_timeoutMicrosecondsToMclks
                0x0000000008002148       0x60 ./Src/VL53L0X.o
                0x0000000008002148                VL53L0X_timeoutMicrosecondsToMclks
 .text.VL53L0X_performSingleRefCalibration
                0x00000000080021a8       0x72 ./Src/VL53L0X.o
                0x00000000080021a8                VL53L0X_performSingleRefCalibration
 *fill*         0x000000000800221a        0x2 
 .text.VL53L0X_startTimeout
                0x000000000800221c       0x30 ./Src/VL53L0X.o
                0x000000000800221c                VL53L0X_startTimeout
 .text.VL53L0X_checkTimeoutExpired
                0x000000000800224c       0x4c ./Src/VL53L0X.o
                0x000000000800224c                VL53L0X_checkTimeoutExpired
 .text.__NVIC_SetPriority
                0x0000000008002298       0xdc ./Src/delay.o
 .text.SysTick_Config
                0x0000000008002374       0x48 ./Src/delay.o
 .text.delay_vInit
                0x00000000080023bc       0x20 ./Src/delay.o
                0x00000000080023bc                delay_vInit
 .text.SysTick_Handler
                0x00000000080023dc       0x18 ./Src/delay.o
                0x00000000080023dc                SysTick_Handler
 .text.__NVIC_EnableIRQ
                0x00000000080023f4       0x34 ./Src/main.o
 .text.main     0x0000000008002428       0x60 ./Src/main.o
                0x0000000008002428                main
 .text.OS_vClockConfiguration
                0x0000000008002488       0x58 ./Src/main.o
                0x0000000008002488                OS_vClockConfiguration
 .text.OS_vTimerConfig
                0x00000000080024e0       0x38 ./Src/main.o
                0x00000000080024e0                OS_vTimerConfig
 .text.TIM16_IRQHandler
                0x0000000008002518       0x30 ./Src/main.o
                0x0000000008002518                TIM16_IRQHandler
 .text.Reset_Handler
                0x0000000008002548       0x50 ./Startup/startup_stm32f031k6tx.o
                0x0000000008002548                Reset_Handler
 .text.Default_Handler
                0x0000000008002598        0x2 ./Startup/startup_stm32f031k6tx.o
                0x0000000008002598                DMA1_CH4_5_6_7_DMA2_CH3_4_5_IRQHandler
                0x0000000008002598                TIM1_CC_IRQHandler
                0x0000000008002598                TSC_IRQHandler
                0x0000000008002598                HardFault_Handler
                0x0000000008002598                PVD_IRQHandler
                0x0000000008002598                PendSV_Handler
                0x0000000008002598                NMI_Handler
                0x0000000008002598                I2C1_IRQHandler
                0x0000000008002598                RCC_CRS_IRQHandler
                0x0000000008002598                SPI1_IRQHandler
                0x0000000008002598                TIM6_DAC_IRQHandler
                0x0000000008002598                EXTI2_3_IRQHandler
                0x0000000008002598                I2C2_IRQHandler
                0x0000000008002598                TIM17_IRQHandler
                0x0000000008002598                CEC_CAN_IRQHandler
                0x0000000008002598                RTC_IRQHandler
                0x0000000008002598                TIM3_IRQHandler
                0x0000000008002598                EXTI4_15_IRQHandler
                0x0000000008002598                Default_Handler
                0x0000000008002598                DMA1_CH2_3_DMA2_CH1_2_IRQHandler
                0x0000000008002598                TIM14_IRQHandler
                0x0000000008002598                TIM7_IRQHandler
                0x0000000008002598                TIM15_IRQHandler
                0x0000000008002598                EXTI0_1_IRQHandler
                0x0000000008002598                USB_IRQHandler
                0x0000000008002598                SPI2_IRQHandler
                0x0000000008002598                DMA1_CH1_IRQHandler
                0x0000000008002598                SVC_Handler
                0x0000000008002598                WWDG_IRQHandler
                0x0000000008002598                TIM2_IRQHandler
                0x0000000008002598                ADC_COMP_IRQHandler
                0x0000000008002598                USART2_IRQHandler
                0x0000000008002598                USART3_4_5_6_7_8_IRQHandler
                0x0000000008002598                FLASH_IRQHandler
                0x0000000008002598                USART1_IRQHandler
                0x0000000008002598                TIM1_BRK_UP_TRG_COM_IRQHandler
 *fill*         0x000000000800259a        0x2 
 .text.__libc_init_array
                0x000000000800259c       0x48 c:/st/stm32cubeide_1.7.0/stm32cubeide/plugins/com.st.stm32cube.ide.mcu.externaltools.gnu-tools-for-stm32.9-2020-q2-update.win32_2.0.0.202105311346/tools/bin/../lib/gcc/arm-none-eabi/9.3.1/../../../../arm-none-eabi/lib/thumb/v6-m/nofp\libc_nano.a(lib_a-init.o)
                0x000000000800259c                __libc_init_array
 *(.glue_7)
 .glue_7        0x00000000080025e4        0x0 linker stubs
 *(.glue_7t)
 .glue_7t       0x00000000080025e4        0x0 linker stubs
 *(.eh_frame)
 .eh_frame      0x00000000080025e4        0x0 c:/st/stm32cubeide_1.7.0/stm32cubeide/plugins/com.st.stm32cube.ide.mcu.externaltools.gnu-tools-for-stm32.9-2020-q2-update.win32_2.0.0.202105311346/tools/bin/../lib/gcc/arm-none-eabi/9.3.1/thumb/v6-m/nofp/crtbegin.o
 *(.init)
 .init          0x00000000080025e4        0x4 c:/st/stm32cubeide_1.7.0/stm32cubeide/plugins/com.st.stm32cube.ide.mcu.externaltools.gnu-tools-for-stm32.9-2020-q2-update.win32_2.0.0.202105311346/tools/bin/../lib/gcc/arm-none-eabi/9.3.1/thumb/v6-m/nofp/crti.o
                0x00000000080025e4                _init
 .init          0x00000000080025e8        0x8 c:/st/stm32cubeide_1.7.0/stm32cubeide/plugins/com.st.stm32cube.ide.mcu.externaltools.gnu-tools-for-stm32.9-2020-q2-update.win32_2.0.0.202105311346/tools/bin/../lib/gcc/arm-none-eabi/9.3.1/thumb/v6-m/nofp/crtn.o
 *(.fini)
 .fini          0x00000000080025f0        0x4 c:/st/stm32cubeide_1.7.0/stm32cubeide/plugins/com.st.stm32cube.ide.mcu.externaltools.gnu-tools-for-stm32.9-2020-q2-update.win32_2.0.0.202105311346/tools/bin/../lib/gcc/arm-none-eabi/9.3.1/thumb/v6-m/nofp/crti.o
                0x00000000080025f0                _fini
 .fini          0x00000000080025f4        0x8 c:/st/stm32cubeide_1.7.0/stm32cubeide/plugins/com.st.stm32cube.ide.mcu.externaltools.gnu-tools-for-stm32.9-2020-q2-update.win32_2.0.0.202105311346/tools/bin/../lib/gcc/arm-none-eabi/9.3.1/thumb/v6-m/nofp/crtn.o
                0x00000000080025fc                . = ALIGN (0x4)
                0x00000000080025fc                _etext = .

.vfp11_veneer   0x00000000080025fc        0x0
 .vfp11_veneer  0x00000000080025fc        0x0 linker stubs

.v4_bx          0x00000000080025fc        0x0
 .v4_bx         0x00000000080025fc        0x0 linker stubs

.iplt           0x00000000080025fc        0x0
 .iplt          0x00000000080025fc        0x0 c:/st/stm32cubeide_1.7.0/stm32cubeide/plugins/com.st.stm32cube.ide.mcu.externaltools.gnu-tools-for-stm32.9-2020-q2-update.win32_2.0.0.202105311346/tools/bin/../lib/gcc/arm-none-eabi/9.3.1/thumb/v6-m/nofp/crtbegin.o

.rodata         0x00000000080025fc       0x40
                0x00000000080025fc                . = ALIGN (0x4)
 *(.rodata)
 .rodata        0x00000000080025fc       0x40 c:/st/stm32cubeide_1.7.0/stm32cubeide/plugins/com.st.stm32cube.ide.mcu.externaltools.gnu-tools-for-stm32.9-2020-q2-update.win32_2.0.0.202105311346/tools/bin/../lib/gcc/arm-none-eabi/9.3.1/thumb/v6-m/nofp\libgcc.a(mulsf3.o)
 *(.rodata*)
                0x000000000800263c                . = ALIGN (0x4)

.rel.dyn        0x000000000800263c        0x0
 .rel.iplt      0x000000000800263c        0x0 c:/st/stm32cubeide_1.7.0/stm32cubeide/plugins/com.st.stm32cube.ide.mcu.externaltools.gnu-tools-for-stm32.9-2020-q2-update.win32_2.0.0.202105311346/tools/bin/../lib/gcc/arm-none-eabi/9.3.1/thumb/v6-m/nofp/crtbegin.o

.ARM.extab      0x000000000800263c        0x0
                0x000000000800263c                . = ALIGN (0x4)
 *(.ARM.extab* .gnu.linkonce.armextab.*)
                0x000000000800263c                . = ALIGN (0x4)

.ARM            0x000000000800263c        0x0
                0x000000000800263c                . = ALIGN (0x4)
                0x000000000800263c                __exidx_start = .
 *(.ARM.exidx*)
                0x000000000800263c                __exidx_end = .
                0x000000000800263c                . = ALIGN (0x4)

.preinit_array  0x000000000800263c        0x0
                0x000000000800263c                . = ALIGN (0x4)
                0x000000000800263c                PROVIDE (__preinit_array_start = .)
 *(.preinit_array*)
                0x000000000800263c                PROVIDE (__preinit_array_end = .)
                0x000000000800263c                . = ALIGN (0x4)

.init_array     0x000000000800263c        0x4
                0x000000000800263c                . = ALIGN (0x4)
                0x000000000800263c                PROVIDE (__init_array_start = .)
 *(SORT_BY_NAME(.init_array.*))
 *(.init_array*)
 .init_array    0x000000000800263c        0x4 c:/st/stm32cubeide_1.7.0/stm32cubeide/plugins/com.st.stm32cube.ide.mcu.externaltools.gnu-tools-for-stm32.9-2020-q2-update.win32_2.0.0.202105311346/tools/bin/../lib/gcc/arm-none-eabi/9.3.1/thumb/v6-m/nofp/crtbegin.o
                0x0000000008002640                PROVIDE (__init_array_end = .)
                0x0000000008002640                . = ALIGN (0x4)

.fini_array     0x0000000008002640        0x4
                0x0000000008002640                . = ALIGN (0x4)
                [!provide]                        PROVIDE (__fini_array_start = .)
 *(SORT_BY_NAME(.fini_array.*))
 *(.fini_array*)
 .fini_array    0x0000000008002640        0x4 c:/st/stm32cubeide_1.7.0/stm32cubeide/plugins/com.st.stm32cube.ide.mcu.externaltools.gnu-tools-for-stm32.9-2020-q2-update.win32_2.0.0.202105311346/tools/bin/../lib/gcc/arm-none-eabi/9.3.1/thumb/v6-m/nofp/crtbegin.o
                [!provide]                        PROVIDE (__fini_array_end = .)
                0x0000000008002644                . = ALIGN (0x4)
                0x0000000008002644                _sidata = LOADADDR (.data)

.data           0x0000000020000000       0x18 load address 0x0000000008002644
                0x0000000020000000                . = ALIGN (0x4)
                0x0000000020000000                _sdata = .
 *(.data)
 *(.data*)
 .data.myTOFsensor
                0x0000000020000000       0x18 ./Src/main.o
                0x0000000020000000                myTOFsensor
 *(.RamFunc)
 *(.RamFunc*)
                0x0000000020000018                . = ALIGN (0x4)
                0x0000000020000018                _edata = .

.igot.plt       0x0000000020000018        0x0 load address 0x000000000800265c
 .igot.plt      0x0000000020000018        0x0 c:/st/stm32cubeide_1.7.0/stm32cubeide/plugins/com.st.stm32cube.ide.mcu.externaltools.gnu-tools-for-stm32.9-2020-q2-update.win32_2.0.0.202105311346/tools/bin/../lib/gcc/arm-none-eabi/9.3.1/thumb/v6-m/nofp/crtbegin.o
                0x0000000020000018                . = ALIGN (0x4)

.bss            0x0000000020000018       0x24 load address 0x000000000800265c
                0x0000000020000018                _sbss = .
                0x0000000020000018                __bss_start__ = _sbss
 *(.bss)
 .bss           0x0000000020000018       0x1c c:/st/stm32cubeide_1.7.0/stm32cubeide/plugins/com.st.stm32cube.ide.mcu.externaltools.gnu-tools-for-stm32.9-2020-q2-update.win32_2.0.0.202105311346/tools/bin/../lib/gcc/arm-none-eabi/9.3.1/thumb/v6-m/nofp/crtbegin.o
 *(.bss*)
 *(COMMON)
 COMMON         0x0000000020000034        0x4 ./Src/VL53L0X.o
                0x0000000020000034                ulDelay_timeMs
 COMMON         0x0000000020000038        0x1 ./Src/main.o
                0x0000000020000038                readVl53l0x
                0x000000002000003c                . = ALIGN (0x4)
 *fill*         0x0000000020000039        0x3 
                0x000000002000003c                _ebss = .
                0x000000002000003c                __bss_end__ = _ebss

._user_heap_stack
                0x000000002000003c      0x604 load address 0x000000000800265c
                0x0000000020000040                . = ALIGN (0x8)
 *fill*         0x000000002000003c        0x4 
                [!provide]                        PROVIDE (end = .)
                0x0000000020000040                PROVIDE (_end = .)
                0x0000000020000240                . = (. + _Min_Heap_Size)
 *fill*         0x0000000020000040      0x200 
                0x0000000020000640                . = (. + _Min_Stack_Size)
 *fill*         0x0000000020000240      0x400 
                0x0000000020000640                . = ALIGN (0x8)

/DISCARD/
 libc.a(*)
 libm.a(*)
 libgcc.a(*)

.ARM.attributes
                0x0000000000000000       0x28
 *(.ARM.attributes)
 .ARM.attributes
                0x0000000000000000       0x1e c:/st/stm32cubeide_1.7.0/stm32cubeide/plugins/com.st.stm32cube.ide.mcu.externaltools.gnu-tools-for-stm32.9-2020-q2-update.win32_2.0.0.202105311346/tools/bin/../lib/gcc/arm-none-eabi/9.3.1/thumb/v6-m/nofp/crti.o
 .ARM.attributes
                0x000000000000001e       0x2c c:/st/stm32cubeide_1.7.0/stm32cubeide/plugins/com.st.stm32cube.ide.mcu.externaltools.gnu-tools-for-stm32.9-2020-q2-update.win32_2.0.0.202105311346/tools/bin/../lib/gcc/arm-none-eabi/9.3.1/thumb/v6-m/nofp/crtbegin.o
 .ARM.attributes
                0x000000000000004a       0x2c ./Src/I2c.o
 .ARM.attributes
                0x0000000000000076       0x2c ./Src/VL53L0X.o
 .ARM.attributes
                0x00000000000000a2       0x2c ./Src/delay.o
 .ARM.attributes
                0x00000000000000ce       0x2c ./Src/main.o
 .ARM.attributes
                0x00000000000000fa       0x21 ./Startup/startup_stm32f031k6tx.o
 .ARM.attributes
                0x000000000000011b       0x2c c:/st/stm32cubeide_1.7.0/stm32cubeide/plugins/com.st.stm32cube.ide.mcu.externaltools.gnu-tools-for-stm32.9-2020-q2-update.win32_2.0.0.202105311346/tools/bin/../lib/gcc/arm-none-eabi/9.3.1/../../../../arm-none-eabi/lib/thumb/v6-m/nofp\libc_nano.a(lib_a-init.o)
 .ARM.attributes
                0x0000000000000147       0x1e c:/st/stm32cubeide_1.7.0/stm32cubeide/plugins/com.st.stm32cube.ide.mcu.externaltools.gnu-tools-for-stm32.9-2020-q2-update.win32_2.0.0.202105311346/tools/bin/../lib/gcc/arm-none-eabi/9.3.1/thumb/v6-m/nofp\libgcc.a(_udivsi3.o)
 .ARM.attributes
                0x0000000000000165       0x1e c:/st/stm32cubeide_1.7.0/stm32cubeide/plugins/com.st.stm32cube.ide.mcu.externaltools.gnu-tools-for-stm32.9-2020-q2-update.win32_2.0.0.202105311346/tools/bin/../lib/gcc/arm-none-eabi/9.3.1/thumb/v6-m/nofp\libgcc.a(_dvmd_tls.o)
 .ARM.attributes
                0x0000000000000183       0x1e c:/st/stm32cubeide_1.7.0/stm32cubeide/plugins/com.st.stm32cube.ide.mcu.externaltools.gnu-tools-for-stm32.9-2020-q2-update.win32_2.0.0.202105311346/tools/bin/../lib/gcc/arm-none-eabi/9.3.1/thumb/v6-m/nofp\libgcc.a(_arm_cmpdf2.o)
 .ARM.attributes
                0x00000000000001a1       0x1e c:/st/stm32cubeide_1.7.0/stm32cubeide/plugins/com.st.stm32cube.ide.mcu.externaltools.gnu-tools-for-stm32.9-2020-q2-update.win32_2.0.0.202105311346/tools/bin/../lib/gcc/arm-none-eabi/9.3.1/thumb/v6-m/nofp\libgcc.a(_arm_cmpsf2.o)
 .ARM.attributes
                0x00000000000001bf       0x2c c:/st/stm32cubeide_1.7.0/stm32cubeide/plugins/com.st.stm32cube.ide.mcu.externaltools.gnu-tools-for-stm32.9-2020-q2-update.win32_2.0.0.202105311346/tools/bin/../lib/gcc/arm-none-eabi/9.3.1/thumb/v6-m/nofp\libgcc.a(_fixunssfsi.o)
 .ARM.attributes
                0x00000000000001eb       0x2c c:/st/stm32cubeide_1.7.0/stm32cubeide/plugins/com.st.stm32cube.ide.mcu.externaltools.gnu-tools-for-stm32.9-2020-q2-update.win32_2.0.0.202105311346/tools/bin/../lib/gcc/arm-none-eabi/9.3.1/thumb/v6-m/nofp\libgcc.a(eqsf2.o)
 .ARM.attributes
                0x0000000000000217       0x2c c:/st/stm32cubeide_1.7.0/stm32cubeide/plugins/com.st.stm32cube.ide.mcu.externaltools.gnu-tools-for-stm32.9-2020-q2-update.win32_2.0.0.202105311346/tools/bin/../lib/gcc/arm-none-eabi/9.3.1/thumb/v6-m/nofp\libgcc.a(gesf2.o)
 .ARM.attributes
                0x0000000000000243       0x2c c:/st/stm32cubeide_1.7.0/stm32cubeide/plugins/com.st.stm32cube.ide.mcu.externaltools.gnu-tools-for-stm32.9-2020-q2-update.win32_2.0.0.202105311346/tools/bin/../lib/gcc/arm-none-eabi/9.3.1/thumb/v6-m/nofp\libgcc.a(lesf2.o)
 .ARM.attributes
                0x000000000000026f       0x2c c:/st/stm32cubeide_1.7.0/stm32cubeide/plugins/com.st.stm32cube.ide.mcu.externaltools.gnu-tools-for-stm32.9-2020-q2-update.win32_2.0.0.202105311346/tools/bin/../lib/gcc/arm-none-eabi/9.3.1/thumb/v6-m/nofp\libgcc.a(mulsf3.o)
 .ARM.attributes
                0x000000000000029b       0x2c c:/st/stm32cubeide_1.7.0/stm32cubeide/plugins/com.st.stm32cube.ide.mcu.externaltools.gnu-tools-for-stm32.9-2020-q2-update.win32_2.0.0.202105311346/tools/bin/../lib/gcc/arm-none-eabi/9.3.1/thumb/v6-m/nofp\libgcc.a(subsf3.o)
 .ARM.attributes
                0x00000000000002c7       0x2c c:/st/stm32cubeide_1.7.0/stm32cubeide/plugins/com.st.stm32cube.ide.mcu.externaltools.gnu-tools-for-stm32.9-2020-q2-update.win32_2.0.0.202105311346/tools/bin/../lib/gcc/arm-none-eabi/9.3.1/thumb/v6-m/nofp\libgcc.a(fixsfsi.o)
 .ARM.attributes
                0x00000000000002f3       0x2c c:/st/stm32cubeide_1.7.0/stm32cubeide/plugins/com.st.stm32cube.ide.mcu.externaltools.gnu-tools-for-stm32.9-2020-q2-update.win32_2.0.0.202105311346/tools/bin/../lib/gcc/arm-none-eabi/9.3.1/thumb/v6-m/nofp\libgcc.a(eqdf2.o)
 .ARM.attributes
                0x000000000000031f       0x2c c:/st/stm32cubeide_1.7.0/stm32cubeide/plugins/com.st.stm32cube.ide.mcu.externaltools.gnu-tools-for-stm32.9-2020-q2-update.win32_2.0.0.202105311346/tools/bin/../lib/gcc/arm-none-eabi/9.3.1/thumb/v6-m/nofp\libgcc.a(gedf2.o)
 .ARM.attributes
                0x000000000000034b       0x2c c:/st/stm32cubeide_1.7.0/stm32cubeide/plugins/com.st.stm32cube.ide.mcu.externaltools.gnu-tools-for-stm32.9-2020-q2-update.win32_2.0.0.202105311346/tools/bin/../lib/gcc/arm-none-eabi/9.3.1/thumb/v6-m/nofp\libgcc.a(ledf2.o)
 .ARM.attributes
                0x0000000000000377       0x2c c:/st/stm32cubeide_1.7.0/stm32cubeide/plugins/com.st.stm32cube.ide.mcu.externaltools.gnu-tools-for-stm32.9-2020-q2-update.win32_2.0.0.202105311346/tools/bin/../lib/gcc/arm-none-eabi/9.3.1/thumb/v6-m/nofp\libgcc.a(extendsfdf2.o)
 .ARM.attributes
                0x00000000000003a3       0x1e c:/st/stm32cubeide_1.7.0/stm32cubeide/plugins/com.st.stm32cube.ide.mcu.externaltools.gnu-tools-for-stm32.9-2020-q2-update.win32_2.0.0.202105311346/tools/bin/../lib/gcc/arm-none-eabi/9.3.1/thumb/v6-m/nofp\libgcc.a(_clzsi2.o)
 .ARM.attributes
                0x00000000000003c1       0x1e c:/st/stm32cubeide_1.7.0/stm32cubeide/plugins/com.st.stm32cube.ide.mcu.externaltools.gnu-tools-for-stm32.9-2020-q2-update.win32_2.0.0.202105311346/tools/bin/../lib/gcc/arm-none-eabi/9.3.1/thumb/v6-m/nofp/crtn.o
OUTPUT(VL53L0X.elf elf32-littlearm)
LOAD linker stubs
LOAD c:/st/stm32cubeide_1.7.0/stm32cubeide/plugins/com.st.stm32cube.ide.mcu.externaltools.gnu-tools-for-stm32.9-2020-q2-update.win32_2.0.0.202105311346/tools/bin/../lib/gcc/arm-none-eabi/9.3.1/../../../../arm-none-eabi/lib/thumb/v6-m/nofp\libc.a
LOAD c:/st/stm32cubeide_1.7.0/stm32cubeide/plugins/com.st.stm32cube.ide.mcu.externaltools.gnu-tools-for-stm32.9-2020-q2-update.win32_2.0.0.202105311346/tools/bin/../lib/gcc/arm-none-eabi/9.3.1/../../../../arm-none-eabi/lib/thumb/v6-m/nofp\libm.a
LOAD c:/st/stm32cubeide_1.7.0/stm32cubeide/plugins/com.st.stm32cube.ide.mcu.externaltools.gnu-tools-for-stm32.9-2020-q2-update.win32_2.0.0.202105311346/tools/bin/../lib/gcc/arm-none-eabi/9.3.1/thumb/v6-m/nofp\libgcc.a

.debug_info     0x0000000000000000     0x40c7
 .debug_info    0x0000000000000000      0xcb5 ./Src/I2c.o
 .debug_info    0x0000000000000cb5     0x17e8 ./Src/VL53L0X.o
 .debug_info    0x000000000000249d      0xd26 ./Src/delay.o
 .debug_info    0x00000000000031c3      0xee2 ./Src/main.o
 .debug_info    0x00000000000040a5       0x22 ./Startup/startup_stm32f031k6tx.o

.debug_abbrev   0x0000000000000000      0xa2d
 .debug_abbrev  0x0000000000000000      0x1fd ./Src/I2c.o
 .debug_abbrev  0x00000000000001fd      0x2fa ./Src/VL53L0X.o
 .debug_abbrev  0x00000000000004f7      0x29f ./Src/delay.o
 .debug_abbrev  0x0000000000000796      0x285 ./Src/main.o
 .debug_abbrev  0x0000000000000a1b       0x12 ./Startup/startup_stm32f031k6tx.o

.debug_aranges  0x0000000000000000      0x1f8
 .debug_aranges
                0x0000000000000000       0x40 ./Src/I2c.o
 .debug_aranges
                0x0000000000000040      0x110 ./Src/VL53L0X.o
 .debug_aranges
                0x0000000000000150       0x40 ./Src/delay.o
 .debug_aranges
                0x0000000000000190       0x40 ./Src/main.o
 .debug_aranges
                0x00000000000001d0       0x28 ./Startup/startup_stm32f031k6tx.o

.debug_ranges   0x0000000000000000      0x1b0
 .debug_ranges  0x0000000000000000       0x30 ./Src/I2c.o
 .debug_ranges  0x0000000000000030      0x100 ./Src/VL53L0X.o
 .debug_ranges  0x0000000000000130       0x30 ./Src/delay.o
 .debug_ranges  0x0000000000000160       0x30 ./Src/main.o
 .debug_ranges  0x0000000000000190       0x20 ./Startup/startup_stm32f031k6tx.o

.debug_macro    0x0000000000000000     0xa387
 .debug_macro   0x0000000000000000      0x222 ./Src/I2c.o
 .debug_macro   0x0000000000000222      0xa84 ./Src/I2c.o
 .debug_macro   0x0000000000000ca6       0x22 ./Src/I2c.o
 .debug_macro   0x0000000000000cc8       0x4c ./Src/I2c.o
 .debug_macro   0x0000000000000d14       0x18 ./Src/I2c.o
 .debug_macro   0x0000000000000d2c       0x94 ./Src/I2c.o
 .debug_macro   0x0000000000000dc0       0x3c ./Src/I2c.o
 .debug_macro   0x0000000000000dfc       0x34 ./Src/I2c.o
 .debug_macro   0x0000000000000e30       0x16 ./Src/I2c.o
 .debug_macro   0x0000000000000e46       0x57 ./Src/I2c.o
 .debug_macro   0x0000000000000e9d       0x97 ./Src/I2c.o
 .debug_macro   0x0000000000000f34      0x339 ./Src/I2c.o
 .debug_macro   0x000000000000126d       0xfd ./Src/I2c.o
 .debug_macro   0x000000000000136a       0x10 ./Src/I2c.o
 .debug_macro   0x000000000000137a       0x16 ./Src/I2c.o
 .debug_macro   0x0000000000001390       0x43 ./Src/I2c.o
 .debug_macro   0x00000000000013d3       0x34 ./Src/I2c.o
 .debug_macro   0x0000000000001407       0x10 ./Src/I2c.o
 .debug_macro   0x0000000000001417       0x58 ./Src/I2c.o
 .debug_macro   0x000000000000146f       0x71 ./Src/I2c.o
 .debug_macro   0x00000000000014e0       0x1c ./Src/I2c.o
 .debug_macro   0x00000000000014fc      0x12a ./Src/I2c.o
 .debug_macro   0x0000000000001626       0x10 ./Src/I2c.o
 .debug_macro   0x0000000000001636       0x6a ./Src/I2c.o
 .debug_macro   0x00000000000016a0       0x1c ./Src/I2c.o
 .debug_macro   0x00000000000016bc       0x52 ./Src/I2c.o
 .debug_macro   0x000000000000170e       0x22 ./Src/I2c.o
 .debug_macro   0x0000000000001730       0x10 ./Src/I2c.o
 .debug_macro   0x0000000000001740       0x40 ./Src/I2c.o
 .debug_macro   0x0000000000001780       0xd5 ./Src/I2c.o
 .debug_macro   0x0000000000001855       0x1c ./Src/I2c.o
 .debug_macro   0x0000000000001871       0x3d ./Src/I2c.o
 .debug_macro   0x00000000000018ae       0x16 ./Src/I2c.o
 .debug_macro   0x00000000000018c4      0x145 ./Src/I2c.o
 .debug_macro   0x0000000000001a09       0x2e ./Src/I2c.o
 .debug_macro   0x0000000000001a37       0x22 ./Src/I2c.o
 .debug_macro   0x0000000000001a59      0x103 ./Src/I2c.o
 .debug_macro   0x0000000000001b5c      0x1df ./Src/I2c.o
 .debug_macro   0x0000000000001d3b       0x1c ./Src/I2c.o
 .debug_macro   0x0000000000001d57       0x22 ./Src/I2c.o
 .debug_macro   0x0000000000001d79       0xaf ./Src/I2c.o
 .debug_macro   0x0000000000001e28      0x391 ./Src/I2c.o
 .debug_macro   0x00000000000021b9     0x7544 ./Src/I2c.o
 .debug_macro   0x00000000000096fd       0x66 ./Src/I2c.o
 .debug_macro   0x0000000000009763      0x250 ./Src/VL53L0X.o
 .debug_macro   0x00000000000099b3       0x22 ./Src/VL53L0X.o
 .debug_macro   0x00000000000099d5       0x16 ./Src/VL53L0X.o
 .debug_macro   0x00000000000099eb      0x227 ./Src/delay.o
 .debug_macro   0x0000000000009c12       0x10 ./Src/delay.o
 .debug_macro   0x0000000000009c22      0x24c ./Src/main.o
 .debug_macro   0x0000000000009e6e       0x8e ./Src/main.o
 .debug_macro   0x0000000000009efc       0x51 ./Src/main.o
 .debug_macro   0x0000000000009f4d       0xb5 ./Src/main.o
 .debug_macro   0x000000000000a002       0x52 ./Src/main.o
 .debug_macro   0x000000000000a054      0x333 ./Src/main.o

.debug_line     0x0000000000000000     0x249c
 .debug_line    0x0000000000000000      0x744 ./Src/I2c.o
 .debug_line    0x0000000000000744      0xec4 ./Src/VL53L0X.o
 .debug_line    0x0000000000001608      0x6f4 ./Src/delay.o
 .debug_line    0x0000000000001cfc      0x71c ./Src/main.o
 .debug_line    0x0000000000002418       0x84 ./Startup/startup_stm32f031k6tx.o

.debug_str      0x0000000000000000    0x3374c
 .debug_str     0x0000000000000000    0x3250f ./Src/I2c.o
                                      0x327ac (size before relaxing)
 .debug_str     0x000000000003250f      0xf3d ./Src/VL53L0X.o
                                      0x33666 (size before relaxing)
 .debug_str     0x000000000003344c      0x205 ./Src/delay.o
                                      0x32962 (size before relaxing)
 .debug_str     0x0000000000033651       0xca ./Src/main.o
                                      0x32abf (size before relaxing)
 .debug_str     0x000000000003371b       0x31 ./Startup/startup_stm32f031k6tx.o
                                         0x71 (size before relaxing)

.comment        0x0000000000000000       0x53
 .comment       0x0000000000000000       0x53 ./Src/I2c.o
                                         0x54 (size before relaxing)
 .comment       0x0000000000000053       0x54 ./Src/VL53L0X.o
 .comment       0x0000000000000053       0x54 ./Src/delay.o
 .comment       0x0000000000000053       0x54 ./Src/main.o

.debug_frame    0x0000000000000000      0x868
 .debug_frame   0x0000000000000000       0xa4 ./Src/I2c.o
 .debug_frame   0x00000000000000a4      0x410 ./Src/VL53L0X.o
 .debug_frame   0x00000000000004b4       0xa8 ./Src/delay.o
 .debug_frame   0x000000000000055c       0xa4 ./Src/main.o
 .debug_frame   0x0000000000000600       0x2c c:/st/stm32cubeide_1.7.0/stm32cubeide/plugins/com.st.stm32cube.ide.mcu.externaltools.gnu-tools-for-stm32.9-2020-q2-update.win32_2.0.0.202105311346/tools/bin/../lib/gcc/arm-none-eabi/9.3.1/../../../../arm-none-eabi/lib/thumb/v6-m/nofp\libc_nano.a(lib_a-init.o)
 .debug_frame   0x000000000000062c       0x20 c:/st/stm32cubeide_1.7.0/stm32cubeide/plugins/com.st.stm32cube.ide.mcu.externaltools.gnu-tools-for-stm32.9-2020-q2-update.win32_2.0.0.202105311346/tools/bin/../lib/gcc/arm-none-eabi/9.3.1/thumb/v6-m/nofp\libgcc.a(_udivsi3.o)
 .debug_frame   0x000000000000064c       0x28 c:/st/stm32cubeide_1.7.0/stm32cubeide/plugins/com.st.stm32cube.ide.mcu.externaltools.gnu-tools-for-stm32.9-2020-q2-update.win32_2.0.0.202105311346/tools/bin/../lib/gcc/arm-none-eabi/9.3.1/thumb/v6-m/nofp\libgcc.a(_fixunssfsi.o)
 .debug_frame   0x0000000000000674       0x2c c:/st/stm32cubeide_1.7.0/stm32cubeide/plugins/com.st.stm32cube.ide.mcu.externaltools.gnu-tools-for-stm32.9-2020-q2-update.win32_2.0.0.202105311346/tools/bin/../lib/gcc/arm-none-eabi/9.3.1/thumb/v6-m/nofp\libgcc.a(eqsf2.o)
 .debug_frame   0x00000000000006a0       0x30 c:/st/stm32cubeide_1.7.0/stm32cubeide/plugins/com.st.stm32cube.ide.mcu.externaltools.gnu-tools-for-stm32.9-2020-q2-update.win32_2.0.0.202105311346/tools/bin/../lib/gcc/arm-none-eabi/9.3.1/thumb/v6-m/nofp\libgcc.a(gesf2.o)
 .debug_frame   0x00000000000006d0       0x30 c:/st/stm32cubeide_1.7.0/stm32cubeide/plugins/com.st.stm32cube.ide.mcu.externaltools.gnu-tools-for-stm32.9-2020-q2-update.win32_2.0.0.202105311346/tools/bin/../lib/gcc/arm-none-eabi/9.3.1/thumb/v6-m/nofp\libgcc.a(lesf2.o)
 .debug_frame   0x0000000000000700       0x3c c:/st/stm32cubeide_1.7.0/stm32cubeide/plugins/com.st.stm32cube.ide.mcu.externaltools.gnu-tools-for-stm32.9-2020-q2-update.win32_2.0.0.202105311346/tools/bin/../lib/gcc/arm-none-eabi/9.3.1/thumb/v6-m/nofp\libgcc.a(mulsf3.o)
 .debug_frame   0x000000000000073c       0x38 c:/st/stm32cubeide_1.7.0/stm32cubeide/plugins/com.st.stm32cube.ide.mcu.externaltools.gnu-tools-for-stm32.9-2020-q2-update.win32_2.0.0.202105311346/tools/bin/../lib/gcc/arm-none-eabi/9.3.1/thumb/v6-m/nofp\libgcc.a(subsf3.o)
 .debug_frame   0x0000000000000774       0x20 c:/st/stm32cubeide_1.7.0/stm32cubeide/plugins/com.st.stm32cube.ide.mcu.externaltools.gnu-tools-for-stm32.9-2020-q2-update.win32_2.0.0.202105311346/tools/bin/../lib/gcc/arm-none-eabi/9.3.1/thumb/v6-m/nofp\libgcc.a(fixsfsi.o)
 .debug_frame   0x0000000000000794       0x38 c:/st/stm32cubeide_1.7.0/stm32cubeide/plugins/com.st.stm32cube.ide.mcu.externaltools.gnu-tools-for-stm32.9-2020-q2-update.win32_2.0.0.202105311346/tools/bin/../lib/gcc/arm-none-eabi/9.3.1/thumb/v6-m/nofp\libgcc.a(eqdf2.o)
 .debug_frame   0x00000000000007cc       0x38 c:/st/stm32cubeide_1.7.0/stm32cubeide/plugins/com.st.stm32cube.ide.mcu.externaltools.gnu-tools-for-stm32.9-2020-q2-update.win32_2.0.0.202105311346/tools/bin/../lib/gcc/arm-none-eabi/9.3.1/thumb/v6-m/nofp\libgcc.a(gedf2.o)
 .debug_frame   0x0000000000000804       0x38 c:/st/stm32cubeide_1.7.0/stm32cubeide/plugins/com.st.stm32cube.ide.mcu.externaltools.gnu-tools-for-stm32.9-2020-q2-update.win32_2.0.0.202105311346/tools/bin/../lib/gcc/arm-none-eabi/9.3.1/thumb/v6-m/nofp\libgcc.a(ledf2.o)
 .debug_frame   0x000000000000083c       0x2c c:/st/stm32cubeide_1.7.0/stm32cubeide/plugins/com.st.stm32cube.ide.mcu.externaltools.gnu-tools-for-stm32.9-2020-q2-update.win32_2.0.0.202105311346/tools/bin/../lib/gcc/arm-none-eabi/9.3.1/thumb/v6-m/nofp\libgcc.a(extendsfdf2.o)
